model params: 2,236,682
device: cuda, train batches/epoch: 391
epoch   1/180 | train_loss 1.9553 acc 0.2975 | test_loss 1.7252 acc 0.4292 | lr 0.02000 | 16.3s
epoch   2/180 | train_loss 1.5802 acc 0.5037 | test_loss 1.6826 acc 0.5012 | lr 0.04000 | 15.8s
epoch   3/180 | train_loss 1.3192 acc 0.6394 | test_loss 1.2183 acc 0.6855 | lr 0.06000 | 15.9s
epoch   4/180 | train_loss 1.1433 acc 0.7199 | test_loss 1.1753 acc 0.7015 | lr 0.08000 | 15.9s
epoch   5/180 | train_loss 1.0654 acc 0.7544 | test_loss 1.0782 acc 0.7445 | lr 0.10000 | 15.9s
epoch   6/180 | train_loss 1.0193 acc 0.7757 | test_loss 0.9875 acc 0.7865 | lr 0.09999 | 16.0s
epoch   7/180 | train_loss 0.9872 acc 0.7893 | test_loss 1.0445 acc 0.7587 | lr 0.09997 | 16.0s
epoch   8/180 | train_loss 0.9641 acc 0.7986 | test_loss 1.1051 acc 0.7429 | lr 0.09993 | 16.0s
epoch   9/180 | train_loss 0.9552 acc 0.8025 | test_loss 1.0100 acc 0.7805 | lr 0.09987 | 16.0s
epoch  10/180 | train_loss 0.9417 acc 0.8099 | test_loss 0.9702 acc 0.7932 | lr 0.09980 | 16.0s
epoch  11/180 | train_loss 0.9372 acc 0.8111 | test_loss 0.9860 acc 0.7902 | lr 0.09971 | 16.0s
epoch  12/180 | train_loss 0.9376 acc 0.8094 | test_loss 1.0060 acc 0.7790 | lr 0.09961 | 16.0s
epoch  13/180 | train_loss 0.9327 acc 0.8130 | test_loss 1.0321 acc 0.7666 | lr 0.09949 | 16.0s
epoch  14/180 | train_loss 0.9337 acc 0.8126 | test_loss 0.9906 acc 0.7839 | lr 0.09935 | 16.0s
epoch  15/180 | train_loss 0.9278 acc 0.8134 | test_loss 1.0198 acc 0.7774 | lr 0.09920 | 16.0s
epoch  16/180 | train_loss 0.9376 acc 0.8116 | test_loss 1.1175 acc 0.7294 | lr 0.09903 | 16.0s
epoch  17/180 | train_loss 0.9315 acc 0.8126 | test_loss 1.0350 acc 0.7690 | lr 0.09884 | 16.0s
epoch  18/180 | train_loss 0.9349 acc 0.8118 | test_loss 1.0077 acc 0.7773 | lr 0.09864 | 16.0s
epoch  19/180 | train_loss 0.9341 acc 0.8119 | test_loss 1.0736 acc 0.7485 | lr 0.09843 | 16.0s
epoch  20/180 | train_loss 0.9295 acc 0.8130 | test_loss 0.9414 acc 0.8094 | lr 0.09820 | 16.0s
epoch  21/180 | train_loss 0.9269 acc 0.8147 | test_loss 0.9803 acc 0.7896 | lr 0.09795 | 16.0s
epoch  22/180 | train_loss 0.9264 acc 0.8146 | test_loss 1.0569 acc 0.7646 | lr 0.09769 | 16.0s
epoch  23/180 | train_loss 0.9268 acc 0.8153 | test_loss 0.9723 acc 0.7963 | lr 0.09741 | 16.0s
epoch  24/180 | train_loss 0.9264 acc 0.8147 | test_loss 1.0607 acc 0.7558 | lr 0.09712 | 16.0s
epoch  25/180 | train_loss 0.9246 acc 0.8168 | test_loss 0.9627 acc 0.7955 | lr 0.09681 | 16.0s
epoch  26/180 | train_loss 0.9249 acc 0.8154 | test_loss 0.9773 acc 0.7915 | lr 0.09649 | 16.0s
epoch  27/180 | train_loss 0.9258 acc 0.8149 | test_loss 1.0143 acc 0.7774 | lr 0.09615 | 16.0s
epoch  28/180 | train_loss 0.9298 acc 0.8125 | test_loss 0.9717 acc 0.7944 | lr 0.09580 | 16.0s
epoch  29/180 | train_loss 0.9218 acc 0.8167 | test_loss 1.0498 acc 0.7551 | lr 0.09543 | 16.0s
epoch  30/180 | train_loss 0.9180 acc 0.8186 | test_loss 1.0404 acc 0.7679 | lr 0.09505 | 16.0s
epoch  31/180 | train_loss 0.9222 acc 0.8175 | test_loss 1.1578 acc 0.7134 | lr 0.09465 | 16.0s
epoch  32/180 | train_loss 0.9245 acc 0.8138 | test_loss 1.0763 acc 0.7521 | lr 0.09424 | 16.0s
epoch  33/180 | train_loss 0.9165 acc 0.8181 | test_loss 1.0401 acc 0.7693 | lr 0.09382 | 16.0s
epoch  34/180 | train_loss 0.9205 acc 0.8165 | test_loss 0.9643 acc 0.8013 | lr 0.09338 | 16.0s
epoch  35/180 | train_loss 0.9167 acc 0.8207 | test_loss 1.0270 acc 0.7727 | lr 0.09292 | 16.0s
epoch  36/180 | train_loss 0.9201 acc 0.8183 | test_loss 0.9802 acc 0.7931 | lr 0.09246 | 16.0s
epoch  37/180 | train_loss 0.9174 acc 0.8185 | test_loss 0.9849 acc 0.7878 | lr 0.09197 | 16.0s
epoch  38/180 | train_loss 0.9194 acc 0.8190 | test_loss 1.0066 acc 0.7773 | lr 0.09148 | 16.0s
epoch  39/180 | train_loss 0.9177 acc 0.8195 | test_loss 1.0021 acc 0.7779 | lr 0.09097 | 16.0s
epoch  40/180 | train_loss 0.9101 acc 0.8232 | test_loss 1.0066 acc 0.7765 | lr 0.09045 | 16.0s
epoch  41/180 | train_loss 0.9134 acc 0.8208 | test_loss 0.9773 acc 0.7967 | lr 0.08992 | 16.0s
epoch  42/180 | train_loss 0.9112 acc 0.8188 | test_loss 0.9850 acc 0.7869 | lr 0.08937 | 16.0s
epoch  43/180 | train_loss 0.9107 acc 0.8214 | test_loss 1.0043 acc 0.7741 | lr 0.08881 | 16.0s
epoch  44/180 | train_loss 0.9095 acc 0.8217 | test_loss 0.9390 acc 0.8148 | lr 0.08824 | 16.0s
epoch  45/180 | train_loss 0.9133 acc 0.8199 | test_loss 1.0216 acc 0.7692 | lr 0.08765 | 16.0s
epoch  46/180 | train_loss 0.9124 acc 0.8209 | test_loss 1.2460 acc 0.6771 | lr 0.08706 | 16.0s
epoch  47/180 | train_loss 0.9047 acc 0.8226 | test_loss 1.0758 acc 0.7461 | lr 0.08645 | 15.9s
epoch  48/180 | train_loss 0.9094 acc 0.8213 | test_loss 1.0584 acc 0.7591 | lr 0.08583 | 15.9s
epoch  49/180 | train_loss 0.9096 acc 0.8239 | test_loss 1.0151 acc 0.7748 | lr 0.08520 | 16.0s
epoch  50/180 | train_loss 0.9057 acc 0.8231 | test_loss 0.9421 acc 0.8107 | lr 0.08455 | 15.9s
epoch  51/180 | train_loss 0.9050 acc 0.8236 | test_loss 0.9318 acc 0.8058 | lr 0.08390 | 16.0s
epoch  52/180 | train_loss 0.9026 acc 0.8252 | test_loss 1.0146 acc 0.7762 | lr 0.08323 | 16.0s
epoch  53/180 | train_loss 0.9063 acc 0.8246 | test_loss 0.9925 acc 0.7842 | lr 0.08256 | 15.9s
epoch  54/180 | train_loss 0.9021 acc 0.8266 | test_loss 1.0038 acc 0.7827 | lr 0.08187 | 15.9s
epoch  55/180 | train_loss 0.8987 acc 0.8267 | test_loss 0.9551 acc 0.7993 | lr 0.08117 | 16.0s
epoch  56/180 | train_loss 0.9005 acc 0.8249 | test_loss 1.0228 acc 0.7765 | lr 0.08047 | 15.9s
epoch  57/180 | train_loss 0.8953 acc 0.8307 | test_loss 0.9620 acc 0.7933 | lr 0.07975 | 15.9s
epoch  58/180 | train_loss 0.8992 acc 0.8263 | test_loss 0.9351 acc 0.8076 | lr 0.07902 | 16.0s
epoch  59/180 | train_loss 0.8990 acc 0.8278 | test_loss 0.9894 acc 0.7914 | lr 0.07829 | 15.9s
epoch  60/180 | train_loss 0.8984 acc 0.8261 | test_loss 0.9557 acc 0.8040 | lr 0.07754 | 15.9s
epoch  61/180 | train_loss 0.8926 acc 0.8300 | test_loss 0.9804 acc 0.7898 | lr 0.07679 | 16.0s
epoch  62/180 | train_loss 0.9004 acc 0.8254 | test_loss 1.0764 acc 0.7521 | lr 0.07603 | 16.0s
epoch  63/180 | train_loss 0.8964 acc 0.8263 | test_loss 1.0958 acc 0.7493 | lr 0.07526 | 16.0s
epoch  64/180 | train_loss 0.8963 acc 0.8272 | test_loss 0.9235 acc 0.8109 | lr 0.07448 | 15.9s
epoch  65/180 | train_loss 0.8898 acc 0.8321 | test_loss 0.9356 acc 0.8108 | lr 0.07369 | 16.0s
epoch  66/180 | train_loss 0.8913 acc 0.8298 | test_loss 0.9629 acc 0.7999 | lr 0.07290 | 15.9s
epoch  67/180 | train_loss 0.8914 acc 0.8290 | test_loss 0.9462 acc 0.8014 | lr 0.07210 | 16.0s
epoch  68/180 | train_loss 0.8884 acc 0.8311 | test_loss 1.0908 acc 0.7479 | lr 0.07129 | 15.9s
epoch  69/180 | train_loss 0.8890 acc 0.8305 | test_loss 0.9934 acc 0.7810 | lr 0.07047 | 15.9s
epoch  70/180 | train_loss 0.8834 acc 0.8348 | test_loss 1.0408 acc 0.7635 | lr 0.06965 | 15.9s
epoch  71/180 | train_loss 0.8840 acc 0.8344 | test_loss 0.8661 acc 0.8422 | lr 0.06882 | 15.9s
epoch  72/180 | train_loss 0.8814 acc 0.8359 | test_loss 0.9006 acc 0.8239 | lr 0.06799 | 15.9s
epoch  73/180 | train_loss 0.8833 acc 0.8358 | test_loss 0.9367 acc 0.8069 | lr 0.06715 | 15.9s
epoch  74/180 | train_loss 0.8765 acc 0.8353 | test_loss 0.9202 acc 0.8135 | lr 0.06630 | 16.0s
epoch  75/180 | train_loss 0.8765 acc 0.8358 | test_loss 1.2137 acc 0.7073 | lr 0.06545 | 15.9s
epoch  76/180 | train_loss 0.8711 acc 0.8391 | test_loss 0.8898 acc 0.8364 | lr 0.06459 | 15.9s
epoch  77/180 | train_loss 0.8729 acc 0.8367 | test_loss 0.9004 acc 0.8246 | lr 0.06373 | 15.9s
epoch  78/180 | train_loss 0.8662 acc 0.8420 | test_loss 0.9837 acc 0.7912 | lr 0.06287 | 15.9s
epoch  79/180 | train_loss 0.8711 acc 0.8387 | test_loss 0.9605 acc 0.8033 | lr 0.06200 | 15.9s
epoch  80/180 | train_loss 0.8629 acc 0.8412 | test_loss 0.9472 acc 0.8049 | lr 0.06113 | 15.9s
epoch  81/180 | train_loss 0.8643 acc 0.8420 | test_loss 1.1263 acc 0.7278 | lr 0.06025 | 15.9s
epoch  82/180 | train_loss 0.8653 acc 0.8414 | test_loss 0.9064 acc 0.8230 | lr 0.05937 | 15.9s
epoch  83/180 | train_loss 0.8575 acc 0.8447 | test_loss 0.9061 acc 0.8205 | lr 0.05849 | 15.9s
epoch  84/180 | train_loss 0.8588 acc 0.8440 | test_loss 1.0094 acc 0.7813 | lr 0.05760 | 15.9s
epoch  85/180 | train_loss 0.8538 acc 0.8462 | test_loss 0.9039 acc 0.8218 | lr 0.05671 | 15.9s
epoch  86/180 | train_loss 0.8515 acc 0.8460 | test_loss 0.9020 acc 0.8273 | lr 0.05582 | 15.9s
epoch  87/180 | train_loss 0.8531 acc 0.8455 | test_loss 0.8587 acc 0.8432 | lr 0.05493 | 16.0s
epoch  88/180 | train_loss 0.8496 acc 0.8494 | test_loss 0.8980 acc 0.8288 | lr 0.05403 | 15.9s
epoch  89/180 | train_loss 0.8479 acc 0.8492 | test_loss 0.8827 acc 0.8320 | lr 0.05314 | 15.9s
epoch  90/180 | train_loss 0.8417 acc 0.8512 | test_loss 0.8996 acc 0.8232 | lr 0.05224 | 15.9s
epoch  91/180 | train_loss 0.8441 acc 0.8510 | test_loss 0.9274 acc 0.8168 | lr 0.05135 | 15.9s
epoch  92/180 | train_loss 0.8396 acc 0.8535 | test_loss 0.8779 acc 0.8385 | lr 0.05045 | 15.9s
epoch  93/180 | train_loss 0.8355 acc 0.8541 | test_loss 0.9086 acc 0.8261 | lr 0.04955 | 15.9s
epoch  94/180 | train_loss 0.8359 acc 0.8553 | test_loss 0.8894 acc 0.8290 | lr 0.04865 | 15.9s
epoch  95/180 | train_loss 0.8343 acc 0.8542 | test_loss 0.8535 acc 0.8455 | lr 0.04776 | 15.9s
epoch  96/180 | train_loss 0.8299 acc 0.8569 | test_loss 0.8969 acc 0.8287 | lr 0.04686 | 15.9s
epoch  97/180 | train_loss 0.8289 acc 0.8571 | test_loss 0.8756 acc 0.8374 | lr 0.04597 | 15.9s
epoch  98/180 | train_loss 0.8251 acc 0.8589 | test_loss 0.8856 acc 0.8310 | lr 0.04507 | 15.9s
epoch  99/180 | train_loss 0.8240 acc 0.8594 | test_loss 0.8281 acc 0.8566 | lr 0.04418 | 15.9s
epoch 100/180 | train_loss 0.8197 acc 0.8607 | test_loss 0.8515 acc 0.8445 | lr 0.04329 | 15.9s
epoch 101/180 | train_loss 0.8150 acc 0.8633 | test_loss 0.8690 acc 0.8367 | lr 0.04240 | 15.9s
epoch 102/180 | train_loss 0.8127 acc 0.8655 | test_loss 0.8997 acc 0.8281 | lr 0.04151 | 15.9s
epoch 103/180 | train_loss 0.8075 acc 0.8670 | test_loss 0.9004 acc 0.8269 | lr 0.04063 | 15.9s
epoch 104/180 | train_loss 0.8097 acc 0.8667 | test_loss 0.8440 acc 0.8486 | lr 0.03975 | 15.9s
epoch 105/180 | train_loss 0.8057 acc 0.8675 | test_loss 0.8694 acc 0.8417 | lr 0.03887 | 15.9s
epoch 106/180 | train_loss 0.8044 acc 0.8677 | test_loss 0.9024 acc 0.8254 | lr 0.03800 | 15.9s
epoch 107/180 | train_loss 0.7989 acc 0.8697 | test_loss 0.8378 acc 0.8535 | lr 0.03713 | 16.0s
epoch 108/180 | train_loss 0.7961 acc 0.8726 | test_loss 0.9110 acc 0.8213 | lr 0.03627 | 15.9s
epoch 109/180 | train_loss 0.7951 acc 0.8716 | test_loss 0.8387 acc 0.8523 | lr 0.03541 | 16.0s
epoch 110/180 | train_loss 0.7936 acc 0.8727 | test_loss 0.8281 acc 0.8570 | lr 0.03455 | 15.9s
epoch 111/180 | train_loss 0.7884 acc 0.8754 | test_loss 0.8173 acc 0.8610 | lr 0.03370 | 16.0s
epoch 112/180 | train_loss 0.7840 acc 0.8764 | test_loss 0.8365 acc 0.8509 | lr 0.03285 | 16.0s
epoch 113/180 | train_loss 0.7824 acc 0.8786 | test_loss 0.8475 acc 0.8504 | lr 0.03201 | 16.0s
epoch 114/180 | train_loss 0.7780 acc 0.8798 | test_loss 0.8198 acc 0.8625 | lr 0.03118 | 16.0s
epoch 115/180 | train_loss 0.7738 acc 0.8825 | test_loss 0.8439 acc 0.8518 | lr 0.03035 | 16.0s
epoch 116/180 | train_loss 0.7699 acc 0.8825 | test_loss 0.8042 acc 0.8682 | lr 0.02953 | 16.0s
epoch 117/180 | train_loss 0.7671 acc 0.8847 | test_loss 0.8143 acc 0.8622 | lr 0.02871 | 16.0s
epoch 118/180 | train_loss 0.7630 acc 0.8869 | test_loss 0.8431 acc 0.8504 | lr 0.02790 | 16.0s
epoch 119/180 | train_loss 0.7633 acc 0.8851 | test_loss 0.8104 acc 0.8651 | lr 0.02710 | 16.0s
epoch 120/180 | train_loss 0.7588 acc 0.8888 | test_loss 0.8096 acc 0.8646 | lr 0.02631 | 16.0s
epoch 121/180 | train_loss 0.7530 acc 0.8898 | test_loss 0.7884 acc 0.8764 | lr 0.02552 | 16.0s
epoch 122/180 | train_loss 0.7514 acc 0.8912 | test_loss 0.7979 acc 0.8676 | lr 0.02474 | 16.0s
epoch 123/180 | train_loss 0.7467 acc 0.8931 | test_loss 0.7671 acc 0.8830 | lr 0.02397 | 15.9s
epoch 124/180 | train_loss 0.7421 acc 0.8965 | test_loss 0.7845 acc 0.8794 | lr 0.02321 | 16.0s
epoch 125/180 | train_loss 0.7387 acc 0.8968 | test_loss 0.7809 acc 0.8793 | lr 0.02246 | 16.0s
epoch 126/180 | train_loss 0.7371 acc 0.8984 | test_loss 0.8263 acc 0.8593 | lr 0.02171 | 16.0s
epoch 127/180 | train_loss 0.7347 acc 0.8982 | test_loss 0.8215 acc 0.8598 | lr 0.02098 | 16.0s
epoch 128/180 | train_loss 0.7281 acc 0.9013 | test_loss 0.7795 acc 0.8812 | lr 0.02025 | 16.0s
epoch 129/180 | train_loss 0.7215 acc 0.9044 | test_loss 0.7719 acc 0.8825 | lr 0.01953 | 15.9s
epoch 130/180 | train_loss 0.7219 acc 0.9028 | test_loss 0.7714 acc 0.8826 | lr 0.01883 | 15.9s
epoch 131/180 | train_loss 0.7174 acc 0.9057 | test_loss 0.7638 acc 0.8873 | lr 0.01813 | 16.0s
epoch 132/180 | train_loss 0.7109 acc 0.9095 | test_loss 0.7597 acc 0.8890 | lr 0.01744 | 15.9s
epoch 133/180 | train_loss 0.7105 acc 0.9088 | test_loss 0.7528 acc 0.8910 | lr 0.01677 | 16.0s
epoch 134/180 | train_loss 0.7047 acc 0.9123 | test_loss 0.7930 acc 0.8753 | lr 0.01610 | 16.0s
epoch 135/180 | train_loss 0.7016 acc 0.9128 | test_loss 0.7698 acc 0.8838 | lr 0.01545 | 15.9s
epoch 136/180 | train_loss 0.6936 acc 0.9165 | test_loss 0.7549 acc 0.8893 | lr 0.01480 | 16.0s
epoch 137/180 | train_loss 0.6934 acc 0.9167 | test_loss 0.7402 acc 0.8968 | lr 0.01417 | 15.9s
epoch 138/180 | train_loss 0.6881 acc 0.9188 | test_loss 0.7329 acc 0.8999 | lr 0.01355 | 15.9s
epoch 139/180 | train_loss 0.6820 acc 0.9225 | test_loss 0.7529 acc 0.8896 | lr 0.01294 | 15.9s
epoch 140/180 | train_loss 0.6785 acc 0.9228 | test_loss 0.7351 acc 0.8975 | lr 0.01235 | 15.9s
epoch 141/180 | train_loss 0.6735 acc 0.9264 | test_loss 0.7426 acc 0.8935 | lr 0.01176 | 16.0s
epoch 142/180 | train_loss 0.6699 acc 0.9275 | test_loss 0.7473 acc 0.8951 | lr 0.01119 | 15.9s
epoch 143/180 | train_loss 0.6643 acc 0.9297 | test_loss 0.7222 acc 0.9050 | lr 0.01063 | 15.9s
epoch 144/180 | train_loss 0.6592 acc 0.9313 | test_loss 0.7236 acc 0.9062 | lr 0.01008 | 16.0s
epoch 145/180 | train_loss 0.6537 acc 0.9339 | test_loss 0.7278 acc 0.9029 | lr 0.00955 | 15.9s
epoch 146/180 | train_loss 0.6505 acc 0.9359 | test_loss 0.7264 acc 0.9027 | lr 0.00903 | 15.9s
epoch 147/180 | train_loss 0.6449 acc 0.9383 | test_loss 0.7263 acc 0.9042 | lr 0.00852 | 15.9s
epoch 148/180 | train_loss 0.6393 acc 0.9415 | test_loss 0.7144 acc 0.9089 | lr 0.00803 | 16.0s
epoch 149/180 | train_loss 0.6375 acc 0.9418 | test_loss 0.7056 acc 0.9132 | lr 0.00754 | 15.9s
epoch 150/180 | train_loss 0.6328 acc 0.9433 | test_loss 0.7315 acc 0.9029 | lr 0.00708 | 15.9s
epoch 151/180 | train_loss 0.6254 acc 0.9477 | test_loss 0.7087 acc 0.9118 | lr 0.00662 | 15.9s
epoch 152/180 | train_loss 0.6199 acc 0.9499 | test_loss 0.7060 acc 0.9168 | lr 0.00618 | 15.9s
epoch 153/180 | train_loss 0.6176 acc 0.9510 | test_loss 0.6968 acc 0.9165 | lr 0.00576 | 16.0s
epoch 154/180 | train_loss 0.6080 acc 0.9547 | test_loss 0.7047 acc 0.9138 | lr 0.00535 | 15.9s
epoch 155/180 | train_loss 0.6044 acc 0.9563 | test_loss 0.6983 acc 0.9160 | lr 0.00495 | 15.9s
epoch 156/180 | train_loss 0.6004 acc 0.9582 | test_loss 0.7047 acc 0.9138 | lr 0.00457 | 15.9s
epoch 157/180 | train_loss 0.5957 acc 0.9605 | test_loss 0.6919 acc 0.9199 | lr 0.00420 | 15.9s
epoch 158/180 | train_loss 0.5894 acc 0.9638 | test_loss 0.6919 acc 0.9205 | lr 0.00385 | 15.9s
epoch 159/180 | train_loss 0.5871 acc 0.9640 | test_loss 0.6857 acc 0.9247 | lr 0.00351 | 15.9s
epoch 160/180 | train_loss 0.5814 acc 0.9676 | test_loss 0.6875 acc 0.9243 | lr 0.00319 | 15.9s
epoch 161/180 | train_loss 0.5769 acc 0.9692 | test_loss 0.6887 acc 0.9247 | lr 0.00288 | 15.9s
epoch 162/180 | train_loss 0.5722 acc 0.9709 | test_loss 0.6880 acc 0.9240 | lr 0.00259 | 15.9s
epoch 163/180 | train_loss 0.5682 acc 0.9734 | test_loss 0.6862 acc 0.9260 | lr 0.00231 | 15.9s
epoch 164/180 | train_loss 0.5638 acc 0.9753 | test_loss 0.6821 acc 0.9277 | lr 0.00205 | 15.9s
epoch 165/180 | train_loss 0.5616 acc 0.9767 | test_loss 0.6818 acc 0.9281 | lr 0.00180 | 15.9s
epoch 166/180 | train_loss 0.5590 acc 0.9770 | test_loss 0.6792 acc 0.9284 | lr 0.00157 | 15.9s
epoch 167/180 | train_loss 0.5557 acc 0.9785 | test_loss 0.6811 acc 0.9294 | lr 0.00136 | 15.9s
epoch 168/180 | train_loss 0.5509 acc 0.9809 | test_loss 0.6826 acc 0.9272 | lr 0.00116 | 15.9s
epoch 169/180 | train_loss 0.5459 acc 0.9837 | test_loss 0.6807 acc 0.9287 | lr 0.00097 | 15.9s
epoch 170/180 | train_loss 0.5471 acc 0.9832 | test_loss 0.6809 acc 0.9283 | lr 0.00080 | 15.9s
epoch 171/180 | train_loss 0.5436 acc 0.9844 | test_loss 0.6820 acc 0.9284 | lr 0.00065 | 15.9s
epoch 172/180 | train_loss 0.5421 acc 0.9858 | test_loss 0.6812 acc 0.9285 | lr 0.00051 | 15.9s
epoch 173/180 | train_loss 0.5406 acc 0.9858 | test_loss 0.6809 acc 0.9283 | lr 0.00039 | 16.0s
epoch 174/180 | train_loss 0.5399 acc 0.9866 | test_loss 0.6807 acc 0.9289 | lr 0.00029 | 15.9s
epoch 175/180 | train_loss 0.5396 acc 0.9868 | test_loss 0.6796 acc 0.9305 | lr 0.00020 | 16.0s
epoch 176/180 | train_loss 0.5382 acc 0.9876 | test_loss 0.6788 acc 0.9318 | lr 0.00013 | 15.9s
epoch 177/180 | train_loss 0.5380 acc 0.9872 | test_loss 0.6789 acc 0.9298 | lr 0.00007 | 15.9s
epoch 178/180 | train_loss 0.5364 acc 0.9876 | test_loss 0.6793 acc 0.9306 | lr 0.00003 | 16.0s
epoch 179/180 | train_loss 0.5361 acc 0.9881 | test_loss 0.6789 acc 0.9298 | lr 0.00001 | 15.9s
epoch 180/180 | train_loss 0.5374 acc 0.9870 | test_loss 0.6796 acc 0.9304 | lr 0.00000 | 15.9s
done. best test acc: 0.9318
